// Jest Snapshot v1, https://goo.gl/fbAQLP

exports[`renders correctly 1`] = `
<dt
  className={undefined}
>
  <a
    aria-controls="accordion1"
    aria-expanded="false"
    className={undefined}
  >
    First Accordion heading
  </a>
</dt>
`;
